// Vitest Snapshot v1, https://vitest.dev/guide/snapshot.html

exports[`Page 1`] = `
<div>
  <div
    class="overflow-hidden"
  >
    <h1
      class="text-3xl font-semibold text-center"
    >
      Stories
    </h1>
    <div
      class="flex space-x-2 overflow-x-scroll max-w-xl bg-white border-gray-200 p-4 scroll-smooth scrollbar-hide"
    />
  </div>
</div>
`;
